# PhaseSnare long-term synthetic test log
# Valid indicators, malformed candidates, duplicates, benign/reserved values, and noise.

2026-09-01T08:15:04Z INFO gateway Connection accepted from 192.0.2.10
2026-09-01T08:15:06Z WARN gateway Repeated connection from 192.0.2.10
2026-09-01T08:16:10Z INFO internal Health check from 10.0.0.5
2026-09-01T08:16:14Z INFO local Loopback request from 127.0.0.1
2026-09-01T08:16:20Z WARN network Broadcast-like address observed: 255.255.255.255
2026-09-01T08:17:01Z ERROR parser Invalid IPv4 candidate: 256.300.12.1
2026-09-01T08:17:02Z ERROR parser Invalid IPv4 candidate: 1.2.3.456

2026-09-01T08:20:11Z INFO ipv6 Client connected from 2001:db8::10
2026-09-01T08:20:12Z INFO ipv6 Loopback address observed: ::1
2026-09-01T08:20:13Z INFO ipv6 Full IPv6 form: 2001:0db8:85a3:0000:0000:8a2e:0370:7334
2026-09-01T08:20:14Z INFO ipv6 Link-local-style sample: fe80::1
2026-09-01T08:20:15Z WARN ipv6 Duplicate client: 2001:db8::10
2026-09-01T08:20:16Z ERROR parser Invalid IPv6 candidate: 2001:db8:::1
2026-09-01T08:20:17Z ERROR parser Invalid IPv6 candidate: 2001:db8:zzzz::1
2026-09-01T08:20:18Z DEBUG nic MAC address noise: aa:bb:cc:dd:ee:ff

2026-09-01T08:25:00Z ALERT malware MD5=5d41402abc4b2a76b9719d911017c592
2026-09-01T08:25:01Z ALERT malware SHA1=da39a3ee5e6b4b0d3255bfef95601890afd80709
2026-09-01T08:25:02Z ALERT malware SHA256=ba7816bf8f01cfea414140de5dae2223b00361a396177a9cb410ff61f20015ad
2026-09-01T08:25:03Z ALERT malware SHA256_UPPER=BA7816BF8F01CFEA414140DE5DAE2223B00361A396177A9CB410FF61F20015AD
2026-09-01T08:25:04Z WARN parser Invalid_MD5=5d41402abc4b2a76b9719d911017c59
2026-09-01T08:25:05Z WARN parser Invalid_SHA1=da39a3ee5e6b4b0d3255bfef95601890afd8070
2026-09-01T08:25:06Z WARN parser Invalid_SHA256=ba7816bf8f01cfea414140de5dae2223b00361a396177a9cb410ff61f20015a

2026-09-01T08:30:00Z ALERT vuln Exploit attempt references CVE-2024-3094
2026-09-01T08:30:01Z ALERT vuln Lowercase identifier references cve-2021-44228
2026-09-01T08:30:02Z INFO vuln Duplicate reference CVE-2024-3094
2026-09-01T08:30:03Z WARN parser Malformed CVE: CVE-24-3094
2026-09-01T08:30:04Z WARN parser Malformed CVE: CVE2024-3094
2026-09-01T08:30:05Z WARN parser Malformed CVE: CVE-2024-ABC

2026-09-01T08:35:00Z WARN proxy Requested URL http://example.com/login
2026-09-01T08:35:01Z WARN proxy Requested URL https://sub.example.org/path/to/resource
2026-09-01T08:35:02Z WARN proxy Requested URL https://example.net:8443/admin?user=test&id=42
2026-09-01T08:35:03Z WARN proxy Requested URL http://192.0.2.55/download.bin
2026-09-01T08:35:04Z INFO proxy URL with fragment https://portal.example.com/report?id=7#summary
2026-09-01T08:35:05Z WARN parser Malformed URL: hxxp://example.com/payload
2026-09-01T08:35:06Z WARN parser Malformed URL: https://
2026-09-01T08:35:07Z WARN parser Malformed URL: http:/example.com

2026-09-01T08:40:00Z INFO dns Query for example.com
2026-09-01T08:40:01Z INFO dns Query for sub.example.org
2026-09-01T08:40:02Z INFO dns Query for api.dev.example.net
2026-09-01T08:40:03Z INFO dns Duplicate query for example.com
2026-09-01T08:40:04Z DEBUG dns Host-like noise localhost
2026-09-01T08:40:05Z WARN parser Invalid domain example
2026-09-01T08:40:06Z WARN parser Invalid domain -bad.example.com
2026-09-01T08:40:07Z WARN parser Invalid domain bad_domain.example.com

2026-09-01T08:45:00Z ALERT mail Suspicious sender analyst@example.com
2026-09-01T08:45:01Z ALERT mail Recipient soc.team@example.org
2026-09-01T08:45:02Z INFO mail Duplicate sender analyst@example.com
2026-09-01T08:45:03Z WARN parser Invalid email analyst@@example.com
2026-09-01T08:45:04Z WARN parser Invalid email analyst.example.com
2026-09-01T08:45:05Z WARN parser Invalid email @example.com

192.0.2.25 - - [01/Sep/2026:08:50:01 +0000] "GET /index.html HTTP/1.1" 200 1024 "-" "Mozilla/5.0"
192.0.2.26 - - [01/Sep/2026:08:50:02 +0000] "GET https://example.com/assets/app.js HTTP/1.1" 200 2048 "-" "curl/8.0"

Failed password for invalid user admin from 198.51.100.23 port 55221 ssh2
Accepted publickey for analyst from 203.0.113.77 port 50211 ssh2
sshd[4242]: reverse mapping checking getaddrinfo for host.example.net [198.51.100.23] failed

{"timestamp":"2026-09-01T08:55:00Z","src_ip":"192.0.2.100","dst_ip":"198.51.100.200","domain":"api.example.org","cve":"CVE-2023-34362"}
{"timestamp":"2026-09-01T08:55:01Z","src_ipv6":"2001:db8:abcd::42","url":"https://downloads.example.net/sample.exe","email":"response@example.net"}
{"timestamp":"2026-09-01T08:55:02Z","sha256":"e3b0c44298fc1c149afbf4c8996fb92427ae41e4649b934ca495991b7852b855","status":"quarantined"}

2026-09-01T09:00:00Z INFO app User typed text: "contact me at help@example.com"
2026-09-01T09:00:01Z INFO app Documentation URL: https://example.com/docs
2026-09-01T09:00:02Z INFO app Documentation IPv4: 192.0.2.200
2026-09-01T09:00:03Z INFO app Documentation IPv6: 2001:db8::200

2026-09-01T09:05:00Z DEBUG noise UUID=550e8400-e29b-41d4-a716-446655440000
2026-09-01T09:05:01Z DEBUG noise SESSION=abc123xyz890
2026-09-01T09:05:02Z DEBUG noise FILE=C:\Windows\System32\drivers\etc\hosts
2026-09-01T09:05:03Z DEBUG noise PROCESS=powershell.exe
2026-09-01T09:05:04Z DEBUG noise COMMAND="python phasesnare.py suspiciouslog.txt --format json"

# End of synthetic test log
